              	; --------------------------------------
              	; zasm: assemble "program30.asm"
              	; date: 2018-02-12 17:17:51
              	; --------------------------------------


              	;--------------------------------------
              	;   演習プログラム30
              	;--------------------------------------
0090:         	CW      EQU     90H         ; コントロールワード
00F3:         	CWR     EQU     0F3H        ; コントロールワードレジスタ
00F0:         	PADR    EQU     0F0H        ; PORTAレジスタ
00F1:         	PBDR    EQU     0F1H        ; PORTBレジスタ
00F2:         	PCDR    EQU     0F2H        ; PORTCレジスタ
C200:         	SP_A    EQU     0C200H      ; SP
              	
C000:         	        ORG     0C000H
C000: 3E90    	        LD      A, CW       ; コントロールワードをAレジスタへ
C002: D3F3    	        OUT     (CWR), A    ; コントロールワードレジスタへ出力
C004: 3100C2  	        LD      SP, SP_A
              	
C007: 3E01    	        LD      A, 01H
C009: D3F1    	        OUT     (PBDR), A
              	
C00B: 3E01    	LOOP:   LD      A, 01H      ; 表示パターン
C00D: 0601    	        LD      B, 01H      ; 表示中のセグメント
C00F: 0E04    	        LD      C, 04H
              	
C011: D3F2    	CNT:    OUT     (PCDR), A   ; 表示パターンの変更
              	
C013: C5      	        PUSH    BC
C014: D5      	        PUSH    DE
C015: CD58C0  	        CALL    TIM3
C018: D1      	        POP     DE
C019: C1      	        POP     BC
              	
C01A: CB47    	CHK1:   BIT     0, A
C01C: CA29C0  	        JP      Z, CHK2
              	
C01F: 0D      	        DEC     C
C020: CA38C0  	        JP      Z, NEXT
              	
C023: CD4FC0  	        CALL    SEGR
C026: C211C0  	        JP      NZ, CNT
              	        
C029: CB5F    	CHK2:   BIT     3, A        ; 08Hの時
C02B: CA38C0  	        JP      Z, NEXT
              	
C02E: 0D      	        DEC     C
C02F: CA38C0  	        JP      Z, NEXT
              	
C032: CD46C0  	        CALL    SEGL
C035: C211C0  	        JP      NZ, CNT
              	
C038: CB27    	NEXT    SLA     A
C03A: 1640    	        LD      D, 40H
C03C: BA      	        CP      D
C03D: CA0BC0  	        JP      Z, LOOP
              	
C040: 0E04    	        LD      C, 04H
C042: C211C0  	        JP      NZ, CNT
              	
C045: C9      	        RET
              	
C046: F5      	SEGL:   PUSH    AF
C047: 78      	        LD      A, B
C048: CB3F    	        SRL     A
C04A: D3F1    	        OUT     (PBDR), A
C04C: 47      	        LD      B, A
C04D: F1      	        POP     AF
C04E: C9      	        RET
              	
C04F: F5      	SEGR:   PUSH    AF
C050: 78      	        LD      A, B
C051: CB27    	        SLA     A
C053: D3F1    	        OUT     (PBDR), A
C055: 47      	        LD      B,A
C056: F1      	        POP     AF
C057: C9      	        RET
              	
C058: 1605    	TIM3:   LD      D, 5D
C05A: CD62C0  	DLOOP3: CALL    TIM2
C05D: 15      	        DEC     D
C05E: C25AC0  	        JP      NZ, DLOOP3
C061: C9      	        RET
              	
C062: 0E64    	TIM2:   LD      C, 100D     ; 10ms delay loop 
C064: CD6EC0  	DLOOP2: CALL    TIM1        ; 17 state
C067: 0D      	        DEC     C
C068: 00      	        NOP
C069: 00      	        NOP
C06A: C264C0  	        JP      NZ, DLOOP2
C06D: C9      	        RET
              	
C06E: 061F    	TIM1:   LD      B, 31D      ; 100us delay loop
C070: 05      	DLOOP1: DEC     B           ; 4 state
C071: 00      	        NOP                 ; 4 state
C072: 00      	        NOP
C073: C270C0  	        JP      NZ, DLOOP1  ; 10 state
C076: C9      	        RET
              	
              	        END 


; +++ segments +++

#CODE          = $C000 = 49152,  size = $0077 =   119

; +++ global symbols +++

CHK1    = $C01A = 49178          program30.asm:31 (unused)
CHK2    = $C029 = 49193          program30.asm:40
CNT     = $C011 = 49169          program30.asm:23
CW      = $0090 =   144          program30.asm:4
CWR     = $00F3 =   243          program30.asm:5
DLOOP1  = $C070 = 49264          program30.asm:90
DLOOP2  = $C064 = 49252          program30.asm:82
DLOOP3  = $C05A = 49242          program30.asm:76
LOOP    = $C00B = 49163          program30.asm:19
NEXT    = $C038 = 49208          program30.asm:49
PADR    = $00F0 =   240          program30.asm:6 (unused)
PBDR    = $00F1 =   241          program30.asm:7
PCDR    = $00F2 =   242          program30.asm:8
SEGL    = $C046 = 49222          program30.asm:59
SEGR    = $C04F = 49231          program30.asm:67
SP_A    = $C200 = 49664          program30.asm:9
TIM1    = $C06E = 49262          program30.asm:89
TIM2    = $C062 = 49250          program30.asm:81
TIM3    = $C058 = 49240          program30.asm:75
_end    = $C077 = 49271          program30.asm:10 (unused)
_size   = $0077 =   119          program30.asm:10 (unused)


total time: 0.0031 sec.
no errors
