              	; --------------------------------------
              	; zasm: assemble "program5.8.asm"
              	; date: 2017-12-31 17:03:33
              	; --------------------------------------


              	;*************************************************************************
              	;   プログラム5.8   8入力デコーダプログラム
              	;*************************************************************************
0090:         	CW      EQU     90H             ; コントロールワード
00F3:         	CWR     EQU     0F3H            ; コントロールワードレジスタの番地
00F0:         	PADR    EQU     0F0H            ; ポートAデータレジスタの番地
00F1:         	PBDR    EQU     0F1H            ; ポートBデータレジスタの番地
00F2:         	PCDR    EQU     0F2H            ; ポートCデータレジスタの番地
              	
8000:         	        ORG     8000H
8000: 3E90    	        LD      A, CW           ; コントロールワードのセット
8002: D3F3    	        OUT     (CWR), A        ; コントロールワードレジスタへの出力
              	
8004: 0E00    	STEP:   LD      C, 00           ; LED点灯データH
              	
8006: DBF0    	        IN      A, (PADR)       ; スイッチデータ入力
              	
8008: 06FF    	        LD      B, 11111111B    ; 比較用データ
800A: B8      	        CP      B               ; 比較
800B: C21080  	        JP      NZ, L1
800E: 0E01    	        LD      C, 01H          ; LED点灯
8010: 79      	L1:     LD      A,C
              	
8011: D3F2    	        OUT     (PCDR), A       ; 出力
              	
8013: C30480  	        JP      STEP            ; 繰り返し
              	        END


; +++ segments +++

#CODE          = $8000 = 32768,  size = $0016 =    22

; +++ global symbols +++

CW      = $0090 =   144          program5.8.asm:4
CWR     = $00F3 =   243          program5.8.asm:5
L1      = $8010 = 32784          program5.8.asm:22
PADR    = $00F0 =   240          program5.8.asm:6
PBDR    = $00F1 =   241          program5.8.asm:7 (unused)
PCDR    = $00F2 =   242          program5.8.asm:8
STEP    = $8004 = 32772          program5.8.asm:14
_end    = $8016 = 32790          program5.8.asm:9 (unused)
_size   = $0016 =    22          program5.8.asm:9 (unused)


total time: 0.0016 sec.
no errors
